23:40:33 **** Incremental Build of configuration Debug for project AmostraSensores ****
make -j4 all 
arm-none-eabi-gcc "../Core/Src/main.c" -mcpu=cortex-m4 -std=gnu11 -g3 -DUSE_HAL_DRIVER -DSTM32F446xx -DDEBUG -c -I../Drivers/CMSIS/Include -I../Drivers/STM32F4xx_HAL_Driver/Inc -I../Core/Inc -I../Drivers/CMSIS/Device/ST/STM32F4xx/Include -I../Drivers/STM32F4xx_HAL_Driver/Inc/Legacy -O0 -ffunction-sections -fdata-sections -Wall -fstack-usage -MMD -MP -MF"Core/Src/main.d" -MT"Core/Src/main.o" --specs=nano.specs -mfpu=fpv4-sp-d16 -mfloat-abi=hard -mthumb -o "Core/Src/main.o"
../Core/Src/main.c: In function 'HAL_UART_RxCpltCallback':
../Core/Src/main.c:188:13: warning: passing argument 1 of 'snprintf' from incompatible pointer type [-Wincompatible-pointer-types]
    snprintf(msg,TAM_MSG,"{""umidade"": ""%lu"", ""luminosidade"": ""%lu""}",adc_values[0],adc_values[1]);
             ^~~
In file included from ../Core/Src/main.c:21:0:
c:\st\stm32cubeide_1.2.0\stm32cubeide\plugins\com.st.stm32cube.ide.mcu.externaltools.gnu-tools-for-stm32.7-2018-q2-update.win32_1.0.0.201904181610\tools\arm-none-eabi\include\stdio.h:266:5: note: expected 'char * restrict' but argument is of type 'uint32_t * {aka long unsigned int *}'
 int snprintf (char *__restrict, size_t, const char *__restrict, ...)
     ^~~~~~~~
../Core/Src/main.c:188:25: warning: format '%lu' expects argument of type 'long unsigned int', but argument 4 has type 'int' [-Wformat=]
    snprintf(msg,TAM_MSG,"{""umidade"": ""%lu"", ""luminosidade"": ""%lu""}",adc_values[0],adc_values[1]);
                         ^~~                                                 ~~~~~~~~~~~~~
../Core/Src/main.c:188:44: note: format string is defined here
    snprintf(msg,TAM_MSG,"{""umidade"": ""%lu"", ""luminosidade"": ""%lu""}",adc_values[0],adc_values[1]);
                                          ~~^
                                          %u
../Core/Src/main.c:188:25: warning: format '%lu' expects argument of type 'long unsigned int', but argument 5 has type 'int' [-Wformat=]
    snprintf(msg,TAM_MSG,"{""umidade"": ""%lu"", ""luminosidade"": ""%lu""}",adc_values[0],adc_values[1]);
                         ^~~                                                               ~~~~~~~~~~~~~
../Core/Src/main.c:188:71: note: format string is defined here
    snprintf(msg,TAM_MSG,"{""umidade"": ""%lu"", ""luminosidade"": ""%lu""}",adc_values[0],adc_values[1]);
                                                                     ~~^
                                                                     %u
../Core/Src/main.c:189:57: warning: passing argument 1 of 'strlen' from incompatible pointer type [-Wincompatible-pointer-types]
    HAL_UART_Transmit_DMA(&huart1, (uint8_t*)msg, strlen(msg));
                                                         ^~~
In file included from ../Core/Src/main.c:22:0:
c:\st\stm32cubeide_1.2.0\stm32cubeide\plugins\com.st.stm32cube.ide.mcu.externaltools.gnu-tools-for-stm32.7-2018-q2-update.win32_1.0.0.201904181610\tools\arm-none-eabi\include\string.h:41:9: note: expected 'const char *' but argument is of type 'uint32_t * {aka long unsigned int *}'
 size_t  strlen (const char *);
         ^~~~~~
../Core/Src/main.c:196:13: warning: passing argument 1 of 'snprintf' from incompatible pointer type [-Wincompatible-pointer-types]
    snprintf(msg,TAM_MSG,"hello, how are you?");
             ^~~
In file included from ../Core/Src/main.c:21:0:
c:\st\stm32cubeide_1.2.0\stm32cubeide\plugins\com.st.stm32cube.ide.mcu.externaltools.gnu-tools-for-stm32.7-2018-q2-update.win32_1.0.0.201904181610\tools\arm-none-eabi\include\stdio.h:266:5: note: expected 'char * restrict' but argument is of type 'uint32_t * {aka long unsigned int *}'
 int snprintf (char *__restrict, size_t, const char *__restrict, ...)
     ^~~~~~~~
../Core/Src/main.c:197:57: warning: passing argument 1 of 'strlen' from incompatible pointer type [-Wincompatible-pointer-types]
    HAL_UART_Transmit_DMA(&huart1, (uint8_t*)msg, strlen(msg));
                                                         ^~~
In file included from ../Core/Src/main.c:22:0:
c:\st\stm32cubeide_1.2.0\stm32cubeide\plugins\com.st.stm32cube.ide.mcu.externaltools.gnu-tools-for-stm32.7-2018-q2-update.win32_1.0.0.201904181610\tools\arm-none-eabi\include\string.h:41:9: note: expected 'const char *' but argument is of type 'uint32_t * {aka long unsigned int *}'
 size_t  strlen (const char *);
         ^~~~~~
arm-none-eabi-gcc -o "AmostraSensores.elf" @"objects.list"   -mcpu=cortex-m4 -T"C:\Users\Esdra\Desktop\TrabalhoIoT\AmostraSensores\STM32F446RETX_FLASH.ld" --specs=nosys.specs -Wl,-Map="AmostraSensores.map" -Wl,--gc-sections -static --specs=nano.specs -mfpu=fpv4-sp-d16 -mfloat-abi=hard -mthumb -Wl,--start-group -lc -lm -Wl,--end-group
Finished building target: AmostraSensores.elf
 
arm-none-eabi-objdump -h -S  AmostraSensores.elf  > "AmostraSensores.list"
arm-none-eabi-objcopy  -O binary  AmostraSensores.elf  "AmostraSensores.bin"
arm-none-eabi-size   AmostraSensores.elf 
   text	   data	    bss	    dec	    hex	filename
  21144	    120	   2608	  23872	   5d40	AmostraSensores.elf
Finished building: default.size.stdout
 
Finished building: AmostraSensores.bin
 
Finished building: AmostraSensores.list
 
23:40:48 **** Incremental Build of configuration Debug for project AmostraSensores ****
make -j4 all 
arm-none-eabi-size   AmostraSensores.elf 
   text	   data	    bss	    dec	    hex	filename
  21144	    120	   2608	  23872	   5d40	AmostraSensores.elf
Finished building: default.size.stdout
 
23:47:13 **** Incremental Build of configuration Debug for project AmostraSensores ****
make -j4 all 
arm-none-eabi-gcc "../Core/Src/main.c" -mcpu=cortex-m4 -std=gnu11 -g3 -DUSE_HAL_DRIVER -DSTM32F446xx -DDEBUG -c -I../Drivers/CMSIS/Include -I../Drivers/STM32F4xx_HAL_Driver/Inc -I../Core/Inc -I../Drivers/CMSIS/Device/ST/STM32F4xx/Include -I../Drivers/STM32F4xx_HAL_Driver/Inc/Legacy -O0 -ffunction-sections -fdata-sections -Wall -fstack-usage -MMD -MP -MF"Core/Src/main.d" -MT"Core/Src/main.o" --specs=nano.specs -mfpu=fpv4-sp-d16 -mfloat-abi=hard -mthumb -o "Core/Src/main.o"
../Core/Src/main.c: In function 'HAL_UART_RxCpltCallback':
../Core/Src/main.c:188:13: warning: passing argument 1 of 'snprintf' from incompatible pointer type [-Wincompatible-pointer-types]
    snprintf(msg,TAM_MSG,"{\"umidade\": \"%lu\", \"luminosidade\": \"%lu\"}",adc_values[0],adc_values[1]);
             ^~~
In file included from ../Core/Src/main.c:21:0:
c:\st\stm32cubeide_1.2.0\stm32cubeide\plugins\com.st.stm32cube.ide.mcu.externaltools.gnu-tools-for-stm32.7-2018-q2-update.win32_1.0.0.201904181610\tools\arm-none-eabi\include\stdio.h:266:5: note: expected 'char * restrict' but argument is of type 'uint32_t * {aka long unsigned int *}'
 int snprintf (char *__restrict, size_t, const char *__restrict, ...)
     ^~~~~~~~
../Core/Src/main.c:188:44: warning: format '%lu' expects argument of type 'long unsigned int', but argument 4 has type 'int' [-Wformat=]
    snprintf(msg,TAM_MSG,"{\"umidade\": \"%lu\", \"luminosidade\": \"%lu\"}",adc_values[0],adc_values[1]);
                                          ~~^                                ~~~~~~~~~~~~~
                                          %u
../Core/Src/main.c:188:71: warning: format '%lu' expects argument of type 'long unsigned int', but argument 5 has type 'int' [-Wformat=]
    snprintf(msg,TAM_MSG,"{\"umidade\": \"%lu\", \"luminosidade\": \"%lu\"}",adc_values[0],adc_values[1]);
                                                                     ~~^                   ~~~~~~~~~~~~~
                                                                     %u
../Core/Src/main.c:189:57: warning: passing argument 1 of 'strlen' from incompatible pointer type [-Wincompatible-pointer-types]
    HAL_UART_Transmit_DMA(&huart1, (uint8_t*)msg, strlen(msg));
                                                         ^~~
In file included from ../Core/Src/main.c:22:0:
c:\st\stm32cubeide_1.2.0\stm32cubeide\plugins\com.st.stm32cube.ide.mcu.externaltools.gnu-tools-for-stm32.7-2018-q2-update.win32_1.0.0.201904181610\tools\arm-none-eabi\include\string.h:41:9: note: expected 'const char *' but argument is of type 'uint32_t * {aka long unsigned int *}'
 size_t  strlen (const char *);
         ^~~~~~
../Core/Src/main.c:196:13: warning: passing argument 1 of 'snprintf' from incompatible pointer type [-Wincompatible-pointer-types]
    snprintf(msg,TAM_MSG,"hello, how are you?");
             ^~~
In file included from ../Core/Src/main.c:21:0:
c:\st\stm32cubeide_1.2.0\stm32cubeide\plugins\com.st.stm32cube.ide.mcu.externaltools.gnu-tools-for-stm32.7-2018-q2-update.win32_1.0.0.201904181610\tools\arm-none-eabi\include\stdio.h:266:5: note: expected 'char * restrict' but argument is of type 'uint32_t * {aka long unsigned int *}'
 int snprintf (char *__restrict, size_t, const char *__restrict, ...)
     ^~~~~~~~
../Core/Src/main.c:197:57: warning: passing argument 1 of 'strlen' from incompatible pointer type [-Wincompatible-pointer-types]
    HAL_UART_Transmit_DMA(&huart1, (uint8_t*)msg, strlen(msg));
                                                         ^~~
In file included from ../Core/Src/main.c:22:0:
c:\st\stm32cubeide_1.2.0\stm32cubeide\plugins\com.st.stm32cube.ide.mcu.externaltools.gnu-tools-for-stm32.7-2018-q2-update.win32_1.0.0.201904181610\tools\arm-none-eabi\include\string.h:41:9: note: expected 'const char *' but argument is of type 'uint32_t * {aka long unsigned int *}'
 size_t  strlen (const char *);
         ^~~~~~
arm-none-eabi-gcc -o "AmostraSensores.elf" @"objects.list"   -mcpu=cortex-m4 -T"C:\Users\Esdra\Desktop\TrabalhoIoT\AmostraSensores\STM32F446RETX_FLASH.ld" --specs=nosys.specs -Wl,-Map="AmostraSensores.map" -Wl,--gc-sections -static --specs=nano.specs -mfpu=fpv4-sp-d16 -mfloat-abi=hard -mthumb -Wl,--start-group -lc -lm -Wl,--end-group
Finished building target: AmostraSensores.elf
 
arm-none-eabi-objdump -h -S  AmostraSensores.elf  > "AmostraSensores.list"
arm-none-eabi-objcopy  -O binary  AmostraSensores.elf  "AmostraSensores.bin"
arm-none-eabi-size   AmostraSensores.elf 
   text	   data	    bss	    dec	    hex	filename
  21152	    120	   2608	  23880	   5d48	AmostraSensores.elf
Finished building: default.size.stdout
 
Finished building: AmostraSensores.bin
 
Finished building: AmostraSensores.list
 
21:56:41 **** Incremental Build of configuration Debug for project AmostraSensores ****
make -j4 all 
arm-none-eabi-gcc "../Core/Src/main.c" -mcpu=cortex-m4 -std=gnu11 -g3 -DUSE_HAL_DRIVER -DSTM32F446xx -DDEBUG -c -I../Drivers/CMSIS/Include -I../Drivers/STM32F4xx_HAL_Driver/Inc -I../Core/Inc -I../Drivers/CMSIS/Device/ST/STM32F4xx/Include -I../Drivers/STM32F4xx_HAL_Driver/Inc/Legacy -O0 -ffunction-sections -fdata-sections -Wall -fstack-usage -MMD -MP -MF"Core/Src/main.d" -MT"Core/Src/main.o" --specs=nano.specs -mfpu=fpv4-sp-d16 -mfloat-abi=hard -mthumb -o "Core/Src/main.o"
../Core/Src/main.c: In function 'HAL_UART_RxCpltCallback':
../Core/Src/main.c:175:13: warning: passing argument 1 of 'snprintf' from incompatible pointer type [-Wincompatible-pointer-types]
    snprintf(msg,TAM_MSG,"{\"umidade\": \"%lu\", \"luminosidade\": \"%lu\"}",adc_values[0],adc_values[1]);
             ^~~
In file included from ../Core/Src/main.c:21:0:
c:\st\stm32cubeide_1.2.0\stm32cubeide\plugins\com.st.stm32cube.ide.mcu.externaltools.gnu-tools-for-stm32.7-2018-q2-update.win32_1.0.0.201904181610\tools\arm-none-eabi\include\stdio.h:266:5: note: expected 'char * restrict' but argument is of type 'uint32_t * {aka long unsigned int *}'
 int snprintf (char *__restrict, size_t, const char *__restrict, ...)
     ^~~~~~~~
../Core/Src/main.c:175:44: warning: format '%lu' expects argument of type 'long unsigned int', but argument 4 has type 'int' [-Wformat=]
    snprintf(msg,TAM_MSG,"{\"umidade\": \"%lu\", \"luminosidade\": \"%lu\"}",adc_values[0],adc_values[1]);
                                          ~~^                                ~~~~~~~~~~~~~
                                          %u
../Core/Src/main.c:175:71: warning: format '%lu' expects argument of type 'long unsigned int', but argument 5 has type 'int' [-Wformat=]
    snprintf(msg,TAM_MSG,"{\"umidade\": \"%lu\", \"luminosidade\": \"%lu\"}",adc_values[0],adc_values[1]);
                                                                     ~~^                   ~~~~~~~~~~~~~
                                                                     %u
../Core/Src/main.c:176:57: warning: passing argument 1 of 'strlen' from incompatible pointer type [-Wincompatible-pointer-types]
    HAL_UART_Transmit_DMA(&huart1, (uint8_t*)msg, strlen(msg));
                                                         ^~~
In file included from ../Core/Src/main.c:22:0:
c:\st\stm32cubeide_1.2.0\stm32cubeide\plugins\com.st.stm32cube.ide.mcu.externaltools.gnu-tools-for-stm32.7-2018-q2-update.win32_1.0.0.201904181610\tools\arm-none-eabi\include\string.h:41:9: note: expected 'const char *' but argument is of type 'uint32_t * {aka long unsigned int *}'
 size_t  strlen (const char *);
         ^~~~~~
arm-none-eabi-gcc -o "AmostraSensores.elf" @"objects.list"   -mcpu=cortex-m4 -T"C:\Users\Esdra\Desktop\TrabalhoIoT\AmostraSensores\STM32F446RETX_FLASH.ld" --specs=nosys.specs -Wl,-Map="AmostraSensores.map" -Wl,--gc-sections -static --specs=nano.specs -mfpu=fpv4-sp-d16 -mfloat-abi=hard -mthumb -Wl,--start-group -lc -lm -Wl,--end-group
Finished building target: AmostraSensores.elf
 
arm-none-eabi-objdump -h -S  AmostraSensores.elf  > "AmostraSensores.list"
arm-none-eabi-objcopy  -O binary  AmostraSensores.elf  "AmostraSensores.bin"
arm-none-eabi-size   AmostraSensores.elf 
   text	   data	    bss	    dec	    hex	filename
  21080	    120	   2608	  23808	   5d00	AmostraSensores.elf
Finished building: default.size.stdout
 
Finished building: AmostraSensores.bin
 
Finished building: AmostraSensores.list
 
22:03:45 **** Incremental Build of configuration Debug for project AmostraSensores ****
make -j4 all 
arm-none-eabi-size   AmostraSensores.elf 
   text	   data	    bss	    dec	    hex	filename
  21080	    120	   2608	  23808	   5d00	AmostraSensores.elf
Finished building: default.size.stdout
 
